venv\Scripts\python : C:\Users\nandk\Aether-A
I\src\cognitive\llm\providers\google_provider
.py:3: FutureWarning: 
At line:1 char:1
+ venv\Scripts\python test_full_system.py > 
test_output.txt 2>&1
+ ~~~~~~~~~~~~~~~~~~~~~~~~~~~~~~~~~~~~~~~~~~~
~~~~~~~~~~~~~~~~~~~
    + CategoryInfo          : NotSpecified:  
   (C:\Users\nandk\...FutureWarning: :Strin  
  g) [], RemoteException
    + FullyQualifiedErrorId : NativeCommandE 
   rror
 

All support for the `google.generativeai` 
package has ended. It will no longer be 
receiving 
updates or bug fixes. Please switch to the 
`google.genai` package as soon as possible.
See README for more details:

https://github.com/google-gemini/deprecated-g
enerative-ai-python/blob/main/README.md

  import google.generativeai as genai
======================================================================
AETHER AI - COMPREHENSIVE SYSTEM TEST
======================================================================

======================================================================
PHASE 1: CORE IMPORTS
======================================================================

[TEST] Core configuration imports
  [FAIL] Core configuration imports: 'charmap' codec can't encode characters in position 0-1: character maps to <undefined>

[TEST] API main imports
  [FAIL] API main imports: 'charmap' codec can't encode characters in position 0-1: character maps to <undefined>

[TEST] Cognitive LLM imports
  [FAIL] Cognitive LLM imports: 'charmap' codec can't encode characters in position 0-1: character maps to <undefined>

[TEST] Voice perception imports
  [FAIL] Voice perception imports: No module named 'pyaudio'

[TEST] Memory system imports
  [FAIL] Memory system imports: `np.float_` was removed in the NumPy 2.0 release. Use `np.float64` instead.

======================================================================
PHASE 2: API ROUTES VERIFICATION
======================================================================

[TEST] API routes registration
  [FAIL] API routes registration: 'charmap' codec can't encode characters in position 0-1: character maps to <undefined>

======================================================================
PHASE 3: SCHEMAS VALIDATION
======================================================================

[TEST] Pydantic schemas
    All schemas validate correctly
  [PASS] Pydantic schemas

======================================================================
PHASE 4: SETTINGS MANAGEMENT
======================================================================

[TEST] Settings manager
  [FAIL] Settings manager: 'charmap' codec can't encode characters in position 0-1: character maps to <undefined>

======================================================================
PHASE 5: TASK EXECUTION SYSTEM
======================================================================

[TEST] Task executor
  [FAIL] Task executor: 'charmap' codec can't encode characters in position 0-1: character maps to <undefined>

======================================================================
PHASE 6: RATE LIMITING
======================================================================

[TEST] Rate limiting middleware
  [FAIL] Rate limiting middleware: 'RateLimiter' object has no attribute 'is_allowed'

======================================================================
PHASE 7: AI PROVIDER CHECK
======================================================================
Traceback (most recent call last):
  File "C:\Users\nandk\Aether-AI\test_full_sy
stem.py", line 210, in <module>
    if len(__import__('src.cognitive.llm.mode
l_router').cognitive.llm.model_router.router.
providers) > 0:
           
^^^^^^^^^^^^^^^^^^^^^^^^^^^^^^^^^^^^^^^^^^^^
  File "C:\Users\nandk\Aether-AI\src\cognitiv
e\llm\__init__.py", line 1, in <module>
    from .model_loader import model_loader, 
ModelLoader
  File "C:\Users\nandk\Aether-AI\src\cognitiv
e\llm\model_loader.py", line 3, in <module>
    from .model_router import router
  File "C:\Users\nandk\Aether-AI\src\cognitiv
e\llm\model_router.py", line 5, in <module>
    from .providers import (
  File "C:\Users\nandk\Aether-AI\src\cognitiv
e\llm\providers\__init__.py", line 7, in 
<module>
    from .openrouter_provider import 
OpenRouterProvider
  File "C:\Users\nandk\Aether-AI\src\cognitiv
e\llm\providers\openrouter_provider.py", 
line 5, in <module>
    from src.config import settings
  File 
"C:\Users\nandk\Aether-AI\src\config.py", 
line 195, in <module>
    settings = Settings()
               ^^^^^^^^^^
  File 
"C:\Users\nandk\Aether-AI\src\config.py", 
line 154, in __init__
    self._validate_security()
  File 
"C:\Users\nandk\Aether-AI\src\config.py", 
line 176, in _validate_security
    print(f"\u26a0\ufe0f WARNING: Using 
auto-generated secret key for development")
  File "C:\Program Files\WindowsApps\PythonSo
ftwareFoundation.Python.3.12_3.12.2800.0_x64_
_qbz5n2kfra8p0\Lib\encodings\cp1252.py", 
line 19, in encode
    return codecs.charmap_encode(input,self.e
rrors,encoding_table)[0]
           ^^^^^^^^^^^^^^^^^^^^^^^^^^^^^^^^^^
^^^^^^^^^^^^^^^^^^^^^
UnicodeEncodeError: 'charmap' codec can't 
encode characters in position 0-1: character 
maps to <undefined>
