venv\Scripts\python : C:\Users\nandk\Aether-A
I\src\cognitive\llm\providers\google_provider
.py:3: FutureWarning: 
At line:1 char:32
+ ... NG="utf-8"; venv\Scripts\python 
test_full_system.py > test_output_utf ...
+                 ~~~~~~~~~~~~~~~~~~~~~~~~~~~
~~~~~~~~~~~~~~~~~~~~~~~~~~~~~~
    + CategoryInfo          : NotSpecified:  
   (C:\Users\nandk\...FutureWarning: :Strin  
  g) [], RemoteException
    + FullyQualifiedErrorId : NativeCommandE 
   rror
 

All support for the `google.generativeai` 
package has ended. It will no longer be 
receiving 
updates or bug fixes. Please switch to the 
`google.genai` package as soon as possible.
See README for more details:

https://github.com/google-gemini/deprecated-g
enerative-ai-python/blob/main/README.md

  import google.generativeai as genai
======================================================================
AETHER AI - COMPREHENSIVE SYSTEM TEST
======================================================================

======================================================================
PHASE 1: CORE IMPORTS
======================================================================

[TEST] Core configuration imports
ΓÜá∩╕Å WARNING: Using auto-generated secret key for development
    App: Aether AI v2.0.0
  [PASS] Core configuration imports

[TEST] API main imports
2026-02-19 18:24:27 | INFO     | src.cognitive.llm.model_router:get_logger:48 | Logger initialized: src.cognitive.llm.model_router
2026-02-19 18:24:28 | INFO     | src.cognitive.llm.model_router:_initialize_providers:41 | OpenAI provider initialized
2026-02-19 18:24:29 | INFO     | src.cognitive.llm.model_router:_initialize_providers:49 | Anthropic provider initialized
2026-02-19 18:24:29 | INFO     | src.cognitive.llm.model_router:_initialize_providers:57 | Google provider initialized
2026-02-19 18:24:30 | INFO     | src.cognitive.llm.model_router:_initialize_providers:64 | Groq provider initialized
2026-02-19 18:24:30 | INFO     | src.cognitive.llm.model_router:_initialize_providers:71 | Fireworks provider initialized
2026-02-19 18:24:31 | INFO     | src.cognitive.llm.model_router:_initialize_providers:78 | OpenRouter provider initialized
2026-02-19 18:24:31 | INFO     | src.cognitive.llm.model_router:load_costs:36 | Loaded 134 cost entries
2026-02-19 18:24:31 | INFO     | src.cognitive.llm.model_router:__init__:15 | Model Loader initialized with multi-provider support
2026-02-19 18:24:31 | INFO     | src.cognitive.llm.model_router:__init__:22 | Prompt Engine initialized
2026-02-19 18:24:31 | INFO     | src.cognitive.llm.model_router:__init__:222 | Session Context Manager initialized
2026-02-19 18:24:32 | INFO     | src.cognitive.llm.model_router:__init__:31 | ConversationalStyle initialized
2026-02-19 18:24:32 | INFO     | src.cognitive.llm.model_router:__init__:233 | ResponseEnhancer initialized
2026-02-19 18:24:32 | INFO     | src.cognitive.llm.model_router:__init__:46 | MotivationalEngine initialized
2026-02-19 18:24:32 | INFO     | src.cognitive.llm.model_router:__init__:34 | HumorGenerator initialized
2026-02-19 18:24:32 | INFO     | src.cognitive.llm.model_router:__init__:28 | LLMInference initialized with provider: auto
2026-02-19 18:24:32 | INFO     | src.cognitive.llm.model_router:__init__:49 | Empathy Engine initialized - Human-like care activated
2026-02-19 18:24:32 | INFO     | src.cognitive.llm.model_router:__init__:28 | LLMInference initialized with provider: auto
2026-02-19 18:24:32 | INFO     | src.cognitive.llm.model_router:__init__:49 | Empathy Engine initialized - Human-like care activated
2026-02-19 18:24:32 | INFO     | src.cognitive.llm.model_router:__init__:63 | Intent Classifier initialized
2026-02-19 18:24:32 | INFO     | src.cognitive.llm.model_router:__init__:197 | Conversation Engine initialized
2026-02-19 18:24:32 | INFO     | src.cognitive.llm.model_router:__init__:52 | OpenClaw initialized
2026-02-19 18:24:32 | INFO     | src.cognitive.llm.model_router:__init__:74 | BurpSuite integration initialized
2026-02-19 18:24:33 | INFO     | src.cognitive.llm.model_router:_initialize_providers:41 | OpenAI provider initialized
2026-02-19 18:24:34 | INFO     | src.cognitive.llm.model_router:_initialize_providers:49 | Anthropic provider initialized
2026-02-19 18:24:34 | INFO     | src.cognitive.llm.model_router:_initialize_providers:57 | Google provider initialized
2026-02-19 18:24:35 | INFO     | src.cognitive.llm.model_router:_initialize_providers:64 | Groq provider initialized
2026-02-19 18:24:35 | INFO     | src.cognitive.llm.model_router:_initialize_providers:71 | Fireworks provider initialized
2026-02-19 18:24:36 | INFO     | src.cognitive.llm.model_router:_initialize_providers:78 | OpenRouter provider initialized
2026-02-19 18:24:36 | INFO     | src.cognitive.llm.model_router:__init__:69 | Vulnerability Analyzer initialized
2026-02-19 18:24:36 | INFO     | src.cognitive.llm.model_router:__init__:74 | BurpSuite integration initialized
2026-02-19 18:24:37 | INFO     | src.cognitive.llm.model_router:_initialize_providers:41 | OpenAI provider initialized
2026-02-19 18:24:37 | INFO     | src.cognitive.llm.model_router:_initialize_providers:49 | Anthropic provider initialized
2026-02-19 18:24:37 | INFO     | src.cognitive.llm.model_router:_initialize_providers:57 | Google provider initialized
2026-02-19 18:24:38 | INFO     | src.cognitive.llm.model_router:_initialize_providers:64 | Groq provider initialized
2026-02-19 18:24:39 | INFO     | src.cognitive.llm.model_router:_initialize_providers:71 | Fireworks provider initialized
2026-02-19 18:24:40 | INFO     | src.cognitive.llm.model_router:_initialize_providers:78 | OpenRouter provider initialized
2026-02-19 18:24:40 | INFO     | src.cognitive.llm.model_router:__init__:69 | Vulnerability Analyzer initialized
2026-02-19 18:24:40 | INFO     | src.cognitive.llm.model_router:__init__:52 | OpenClaw initialized
2026-02-19 18:24:40 | INFO     | src.cognitive.llm.model_router:__init__:85 | Bug Bounty Engine initialized
  [FAIL] API main imports: No module named 'dns'

[TEST] Cognitive LLM imports
    Model loader initialized
  [PASS] Cognitive LLM imports

[TEST] Voice perception imports
  [FAIL] Voice perception imports: No module named 'pyaudio'

[TEST] Memory system imports
  [FAIL] Memory system imports: `np.float_` was removed in the NumPy 2.0 release. Use `np.float64` instead.

======================================================================
PHASE 2: API ROUTES VERIFICATION
======================================================================

[TEST] API routes registration
  [FAIL] API routes registration: No module named 'dns'

======================================================================
PHASE 3: SCHEMAS VALIDATION
======================================================================

[TEST] Pydantic schemas
    All schemas validate correctly
  [PASS] Pydantic schemas

======================================================================
PHASE 4: SETTINGS MANAGEMENT
======================================================================

[TEST] Settings manager
    Settings loaded successfully
    Temperature: 0.7
    Context window: 10
  [PASS] Settings manager

======================================================================
PHASE 5: TASK EXECUTION SYSTEM
======================================================================

[TEST] Task executor
    Task executor working
    Tasks in store: 1
  [PASS] Task executor

======================================================================
PHASE 6: RATE LIMITING
======================================================================

[TEST] Rate limiting middleware
  [FAIL] Rate limiting middleware: 'RateLimiter' object has no attribute 'is_allowed'

======================================================================
PHASE 7: AI PROVIDER CHECK
======================================================================

[TEST] AI providers
    Providers available: openai, gpt-4, gpt-4-vision, anthropic, claude, google, gemini, groq, fireworks, openrouter
  [PASS] AI providers

======================================================================
PHASE 8: VOICE SYSTEM CHECK
======================================================================

[TEST] Voice STT system
  [FAIL] Voice STT system: No module named 'pyaudio'

[TEST] Voice TTS system
  [FAIL] Voice TTS system: No module named 'pyaudio'

======================================================================
PHASE 9: MEMORY SYSTEM CHECK
======================================================================

[TEST] Memory system
  [FAIL] Memory system: `np.float_` was removed in the NumPy 2.0 release. Use `np.float64` instead.

======================================================================
PHASE 10: FILE STRUCTURE VERIFICATION
======================================================================

[TEST] File structure
    All required directories present: 10
  [PASS] File structure

======================================================================
FINAL RESULTS
======================================================================

Tests Run: 15
  [PASS] 7 (46.7%)
  [FAIL] 8
  [SKIP] 0

Failed Tests:
  - API main imports: No module named 'dns'
  - Voice perception imports: No module named 'pyaudio'
  - Memory system imports: `np.float_` was removed in the NumPy 2.0 release. Use `np.float64` instead.
  - API routes registration: No module named 'dns'
  - Rate limiting middleware: 'RateLimiter' object has no attribute 'is_allowed'
  - Voice STT system: No module named 'pyaudio'
  - Voice TTS system: No module named 'pyaudio'
  - Memory system: `np.float_` was removed in the NumPy 2.0 release. Use `np.float64` instead.

======================================================================
SYSTEM STATUS: ISSUES DETECTED Γ£ù
======================================================================

Please fix the failed tests above before proceeding.
